<html>
<body>
<pre>
<h1>µVision Build Log</h1>
<h2>Tool Versions:</h2>
IDE-Version: µVision V5.38.0.0
Copyright (C) 2022 ARM Ltd and ARM Germany GmbH. All rights reserved.
License Information: lol jc, lol, LIC=TA33X-1F0B1-2AYCJ-CFIIE-RM735-GN9TI
 
Tool Versions:
Toolchain:       MDK-ARM Professional  Version: 5.38.0.0
Toolchain Path:  C:\Keil_v5\ARM\ARMCLANG\Bin
C Compiler:      ArmClang.exe V6.19
Assembler:       Armasm.exe V6.19
Linker/Locator:  ArmLink.exe V6.19
Library Manager: ArmAr.exe V6.19
Hex Converter:   FromElf.exe V6.19
CPU DLL:         SARMCM3.DLL V5.38.0.0
Dialog DLL:      DCM.DLL V1.17.5.0
Target DLL:      STLink\ST-LINKIII-KEIL_SWO.dll V3.1.0.0
Dialog DLL:      TCM.DLL V1.56.4.0
 
<h2>Project:</h2>
C:\Users\jc\STM32CubeIDE\workspace_1.10.1\TOUCHGFX_ILI9341\MDK-ARM\TOUCHGFX_ILI9341.uvprojx
Project File Date:  12/15/2022

<h2>Output:</h2>
*** Using Compiler 'V6.19', folder: 'C:\Keil_v5\ARM\ARMCLANG\Bin'
Rebuild target 'TOUCHGFX_ILI9341'
assembling startup_stm32f767xx.s...
compiling main.c...
compiling core.c...
compiling gpio.c...
compiling crc.c...
compiling dma.c...
compiling eth.c...
compiling spi.c...
compiling tim.c...
compiling usart.c...
compiling usb_otg.c...
compiling stm32f7xx_it.c...
compiling stm32f7xx_hal_msp.c...
compiling STM32TouchController.cpp...
compiling TouchGFXHAL.cpp...
compiling TouchGFX_DataTransfer.c...
compiling TouchGFXGPIO.cpp...
compiling STM32DMA.cpp...
compiling TouchGFXConfiguration.cpp...
compiling app_touchgfx.c...
compiling TouchGFXGeneratedHAL.cpp...
compiling OSWrappers.cpp...
compiling stm32f7xx_hal_cortex.c...
compiling stm32f7xx_hal_crc_ex.c...
compiling stm32f7xx_hal_crc.c...
compiling stm32f7xx_hal_rcc.c...
compiling stm32f7xx_hal_flash.c...
compiling stm32f7xx_hal_rcc_ex.c...
compiling stm32f7xx_hal_flash_ex.c...
compiling stm32f7xx_hal_gpio.c...
compiling stm32f7xx_hal_dma.c...
compiling stm32f7xx_hal_pwr.c...
compiling stm32f7xx_hal_dma_ex.c...
compiling stm32f7xx_hal_pwr_ex.c...
compiling stm32f7xx_hal.c...
compiling stm32f7xx_hal_i2c_ex.c...
compiling stm32f7xx_hal_exti.c...
compiling stm32f7xx_ll_utils.c...
compiling stm32f7xx_ll_rcc.c...
compiling stm32f7xx_ll_exti.c...
compiling stm32f7xx_hal_i2c.c...
compiling stm32f7xx_ll_spi.c...
compiling stm32f7xx_ll_gpio.c...
compiling stm32f7xx_hal_eth.c...
compiling stm32f7xx_ll_dma.c...
compiling stm32f7xx_hal_tim_ex.c...
compiling stm32f7xx_hal_uart.c...
compiling stm32f7xx_hal_uart_ex.c...
compiling stm32f7xx_hal_tim.c...
compiling stm32f7xx_hal_pcd_ex.c...
compiling stm32f7xx_hal_pcd.c...
compiling system_stm32f7xx.c...
compiling CustomContainer1.cpp...
compiling FrontendApplication.cpp...
compiling Model.cpp...
compiling stm32f7xx_ll_usb.c...
compiling Screen1Presenter.cpp...
compiling Screen1View.cpp...
compiling Screen2Presenter.cpp...
compiling ApplicationFontProvider.cpp...
compiling BitmapDatabase.cpp...
compiling Screen2View.cpp...
compiling CachedFont.cpp...
compiling Font_verdana_10_4bpp_0.cpp...
compiling Font_verdana_20_4bpp_0.cpp...
compiling CustomContainer1Base.cpp...
compiling Font_verdana_40_4bpp_0.cpp...
compiling Font_verdanaz_20_4bpp_0.cpp...
compiling GeneratedFont.cpp...
compiling FontCache.cpp...
compiling FrontendApplicationBase.cpp...
compiling image_Blue_ProgressIndicators_bg_medium_circle_indicator_bg_full.cpp...
compiling image_Blue_ProgressIndicators_bg_medium_progress_indicator_bg_square_0_degrees.cpp...
compiling Kerning_verdana_10_4bpp.cpp...
compiling Kerning_verdana_40_4bpp.cpp...
compiling Kerning_verdana_20_4bpp.cpp...
compiling image_Blue_ProgressIndicators_fill_medium_circle_indicator_fill_full.cpp...
compiling Kerning_verdanaz_20_4bpp.cpp...
compiling LanguageGb.cpp...
compiling Table_verdana_10_4bpp.cpp...
compiling Screen1ViewBase.cpp...
compiling Table_verdana_20_4bpp.cpp...
compiling Table_verdana_40_4bpp.cpp...
compiling Table_verdanaz_20_4bpp.cpp...
compiling Screen2ViewBase.cpp...
compiling TypedTextDatabase.cpp...
compiling Texts.cpp...
compiling UnmappedDataFont.cpp...
linking...
Program Size: Code=88236 RO-data=104760 RW-data=448 ZI-data=87088  
FromELF: creating hex file...
"TOUCHGFX_ILI9341\TOUCHGFX_ILI9341.axf" - 0 Error(s), 0 Warning(s).

<h2>Software Packages used:</h2>

Package Vendor: ARM
                http://www.keil.com/pack/ARM.CMSIS.5.9.0.pack
                ARM.CMSIS.5.9.0
                CMSIS (Common Microcontroller Software Interface Standard)
   * Component: CORE Version: 5.6.0

Package Vendor: Keil
                https://www.keil.com/pack/Keil.STM32F7xx_DFP.2.15.1.pack
                Keil.STM32F7xx_DFP.2.15.1
                STMicroelectronics STM32F7 Series Device Support, Drivers and Examples

<h2>Collection of Component include folders:</h2>
  ./RTE/_TOUCHGFX_ILI9341
  C:/Users/jc/AppData/Local/Arm/Packs/ARM/CMSIS/5.9.0/CMSIS/Core/Include
  C:/Users/jc/AppData/Local/Arm/Packs/Keil/STM32F7xx_DFP/2.15.1/Drivers/CMSIS/Device/ST/STM32F7xx/Include

<h2>Collection of Component Files used:</h2>

   * Component: ARM::CMSIS:CORE:5.6.0
      Include file:  CMSIS/Core/Include/tz_context.h
Build Time Elapsed:  00:00:10
</pre>
</body>
</html>
